// Jest Snapshot v1, https://goo.gl/fbAQLP

exports[`Unit test for NavBar should render navbar with home  1`] = `
<a
  href="/login"
>
  Login
</a>
`;

exports[`Unit test for NavBar should render the navbar with login 1`] = `
<a
  href="/login"
>
  Login
</a>
`;
